
> cursor-gtm-training@0.1.0 build
> next build

cmd :  ΓÜá Invalid next.config.js options detected: 
At line:1 char:1
+ cmd /c npm run build > build-output.txt 2>&1; echo "Exit code: $LASTE ...
+ ~~~~~~~~~~~~~~~~~~~~~~~~~~~~~~~~~~~~~~~~~~~~
    + CategoryInfo          : NotSpecified: ( ΓÜá Invalid ne...ions detected:  
   :String) [], RemoteException
    + FullyQualifiedErrorId : NativeCommandError
 
 ΓÜá     Unrecognized key(s) in object: 'swcMinify'
 ΓÜá See more info here: https://nextjs.org/docs/messages/invalid-next-config
   Γû▓ Next.js 16.0.7 (Turbopack)
   - Experiments (use with caution):
     Γ£ô optimizeCss
     ┬╖ optimizePackageImports
     ┬╖ serverActions

 ΓÜá The "middleware" file convention is deprecated. Please use "proxy" 
instead. Learn more: https://nextjs.org/docs/messages/middleware-to-proxy
   Creating an optimized production build ...
